rm -f bin/*.o bin/sim
rm -f *.csv
gcc -std=c99 -Wall -Wextra -g -c src/compute_node.c -o bin/compute_node.o
gcc -std=c99 -Wall -Wextra -g -c src/main.c -o bin/main.o
gcc -std=c99 -Wall -Wextra -g -c src/memory_node.c -o bin/memory_node.o
gcc -std=c99 -Wall -Wextra -g -c src/packet.c -o bin/packet.o
gcc -std=c99 -Wall -Wextra -g -c src/port.c -o bin/port.o
gcc -std=c99 -Wall -Wextra -g bin/compute_node.o bin/main.o bin/memory_node.o bin/packet.o bin/port.o -o bin/sim
On packet 0
On packet 100000
On packet 200000
On packet 300000
On packet 400000
On packet 500000
On packet 600000
On packet 700000
On packet 800000
On packet 900000
Ended on global time: 20000180
ADDRESS	VALUE	VALIDITY
1d7d8	deadbeef	2
4ebab	deadbeef	2
73b6	deadbeef	2
4ebcb	deadbeef	2
4d03f	deadbeef	1
4ebeb	deadbeef	0
1d482	deadbeef	2
4ec2c	deadbeef	2
4ec60	deadbeef	2
4eca6	deadbeef	2


Invalidation Messages from switch: 174866
Invalidations from memory to switch: 165927
Read requests to memory nodes: 563613
Write requests to memory nodes: 423563
Transfer requests from memory nodes: 96759
State change requests from memory node: 649948
Compute node to compute node data transfers: 91445
Compute node to memory node data transfers: 580727
Memory node to compute node data transfer: 472168



Pkt Sizes (KB):
Invalidations from switch: 12590.352000
Invalidations from memory nodes: 10350.119750
Read requests: 55020.539000
Write requests: 8782.060750
Transfer requests: 6966.648000
Compute -> Compute transfers: 8159.557000
Compute -> Memory transfers: 59944.576750
Memory -> Compute transfers: 32604.310000




Distributions (KB)
Compute->Switch Memory: 131906.733500
Compute->Switch Coherence: 0

Switch->Compute Memory: 40763.867000
Switch->Compute Coherence: 66353.256000

Memory->Switch Memory: 32604.310000
Memory->Switch Coherence: 64113.023750

Switch->Memory Memory: 123747.176500
Switch->Memory Coherence: 0.000000

